
Discarded input sections

 .comment       0x0000000000000000       0x2e main.o

Speicherkonfiguration

Name             Ursprung           Länge             Attribute
*default*        0x0000000000000000 0xffffffffffffffff

Linker script and memory map

LOAD start.o
LOAD main.o
                0x0000000000084000                . = 0x84000

.text           0x0000000000084000       0xc8
 *(.text.boot)
 .text.boot     0x0000000000084000       0x50 start.o
                0x0000000000084000                _start
 *(.text .text.* .gnu.linkonce.t*)
 .text          0x0000000000084050        0x0 start.o
 .text          0x0000000000084050        0x0 main.o
 .text.startup  0x0000000000084050       0x78 main.o
                0x0000000000084050                main

.iplt           0x00000000000840c8        0x0
 .iplt          0x00000000000840c8        0x0 start.o

.rela.dyn       0x00000000000840c8        0x0
 .rela.iplt     0x00000000000840c8        0x0 start.o

.rodata
 *(.rodata .rodata.* .gnu.linkonce.r*)
                [!provide]                        PROVIDE (_data, .)

.data           0x00000000000840c8        0x0
 *(.data .data.* .gnu.linkonce.d*)
 .data          0x00000000000840c8        0x0 start.o
 .data          0x00000000000840c8        0x0 main.o

.igot.plt       0x00000000000840c8        0x0
 .igot.plt      0x00000000000840c8        0x0 start.o

.bss            0x00000000000840c8        0x8
                0x00000000000840d0                . = ALIGN (0x10)
 *fill*         0x00000000000840c8        0x8 
                0x00000000000840d0                __bss_start = .
 *(.bss .bss.*)
 .bss           0x00000000000840d0        0x0 start.o
 .bss           0x00000000000840d0        0x0 main.o
 *(COMMON)
                0x00000000000840d0                __bss_end = .
                0x00000000000840d0                _end = .

/DISCARD/
 *(.comment)
 *(.gnu*)
 *(.note*)
 *(.eh_frame*)
                0x0000000000000000                __bss_size = ((__bss_end - __bss_start) >> 0x3)
OUTPUT(kernel8.elf elf64-littleaarch64)
